2024-12-27 20:03:46,131 - INFO - Loading dataset...
2024-12-27 20:03:46,143 - INFO - Dataset loaded successfully.
2024-12-27 20:03:46,143 - INFO - Performing EDA before cleaning...
2024-12-27 20:03:46,143 - INFO - --- EDA Before Cleaning ---
2024-12-27 20:03:46,144 - INFO - Dataset Head:
      crim    zn  indus  chas    nox     rm   age     dis  rad  tax  ptratio       b  lstat  medv
0  0.00632  18.0   2.31     0  0.538  6.575  65.2  4.0900    1  296     15.3  396.90   4.98  24.0
1  0.02731   0.0   7.07     0  0.469  6.421  78.9  4.9671    2  242     17.8  396.90   9.14  21.6
2  0.02729   0.0   7.07     0  0.469  7.185  61.1  4.9671    2  242     17.8  392.83   4.03  34.7
3  0.03237   0.0   2.18     0  0.458  6.998  45.8  6.0622    3  222     18.7  394.63   2.94  33.4
4  0.06905   0.0   2.18     0  0.458  7.147  54.2  6.0622    3  222     18.7  396.90   5.33  36.2
2024-12-27 20:03:46,164 - INFO - Dataset Info:
2024-12-27 20:03:46,200 - INFO - Dataset Description:
             crim          zn       indus        chas         nox          rm         age         dis         rad         tax     ptratio           b       lstat        medv
count  506.000000  506.000000  506.000000  506.000000  506.000000  506.000000  506.000000  506.000000  506.000000  506.000000  506.000000  506.000000  506.000000  506.000000
mean     3.613524   11.363636   11.136779    0.069170    0.554695    6.284634   68.574901    3.795043    9.549407  408.237154   18.455534  356.674032   12.653063   22.532806
std      8.601545   23.322453    6.860353    0.253994    0.115878    0.702617   28.148861    2.105710    8.707259  168.537116    2.164946   91.294864    7.141062    9.197104
min      0.006320    0.000000    0.460000    0.000000    0.385000    3.561000    2.900000    1.129600    1.000000  187.000000   12.600000    0.320000    1.730000    5.000000
25%      0.082045    0.000000    5.190000    0.000000    0.449000    5.885500   45.025000    2.100175    4.000000  279.000000   17.400000  375.377500    6.950000   17.025000
50%      0.256510    0.000000    9.690000    0.000000    0.538000    6.208500   77.500000    3.207450    5.000000  330.000000   19.050000  391.440000   11.360000   21.200000
75%      3.677083   12.500000   18.100000    0.000000    0.624000    6.623500   94.075000    5.188425   24.000000  666.000000   20.200000  396.225000   16.955000   25.000000
max     88.976200  100.000000   27.740000    1.000000    0.871000    8.780000  100.000000   12.126500   24.000000  711.000000   22.000000  396.900000   37.970000   50.000000
2024-12-27 20:03:55,162 - INFO - Cleaning the dataset...
2024-12-27 20:03:55,162 - INFO - --- Data Cleaning ---
2024-12-27 20:03:55,163 - INFO - Initial dataset shape: (506, 14)
2024-12-27 20:03:55,167 - INFO - Shape after removing duplicates: (506, 14)
2024-12-27 20:03:55,179 - INFO - Shape after filling missing values: (506, 14)
2024-12-27 20:03:55,184 - INFO - Shape after removing outliers in crim: (494, 14)
2024-12-27 20:03:55,187 - INFO - Shape after removing outliers in zn: (489, 14)
2024-12-27 20:03:55,189 - INFO - Shape after removing outliers in indus: (479, 14)
2024-12-27 20:03:55,192 - INFO - Shape after removing outliers in chas: (479, 14)
2024-12-27 20:03:55,194 - INFO - Shape after removing outliers in nox: (475, 14)
2024-12-27 20:03:55,197 - INFO - Shape after removing outliers in rm: (465, 14)
2024-12-27 20:03:55,199 - INFO - Shape after removing outliers in age: (461, 14)
2024-12-27 20:03:55,200 - INFO - Shape after removing outliers in dis: (451, 14)
2024-12-27 20:03:55,202 - INFO - Shape after removing outliers in rad: (451, 14)
2024-12-27 20:03:55,204 - INFO - Shape after removing outliers in tax: (451, 14)
2024-12-27 20:03:55,206 - INFO - Shape after removing outliers in ptratio: (448, 14)
2024-12-27 20:03:55,208 - INFO - Shape after removing outliers in b: (443, 14)
2024-12-27 20:03:55,211 - INFO - Shape after removing outliers in lstat: (434, 14)
2024-12-27 20:03:55,213 - INFO - Shape after removing outliers in medv: (426, 14)
2024-12-27 20:03:55,213 - INFO - Dataset shape after cleaning: (426, 14)
2024-12-27 20:03:55,213 - INFO - Performing EDA after cleaning...
2024-12-27 20:03:55,213 - INFO - --- EDA After Cleaning ---
2024-12-27 20:03:55,213 - INFO - Dataset Head:
      crim   zn  indus  chas    nox     rm   age     dis  rad  tax  ptratio       b  lstat  medv
1  0.02731  0.0   7.07     0  0.469  6.421  78.9  4.9671    2  242     17.8  396.90   9.14  21.6
2  0.02729  0.0   7.07     0  0.469  7.185  61.1  4.9671    2  242     17.8  392.83   4.03  34.7
3  0.03237  0.0   2.18     0  0.458  6.998  45.8  6.0622    3  222     18.7  394.63   2.94  33.4
4  0.06905  0.0   2.18     0  0.458  7.147  54.2  6.0622    3  222     18.7  396.90   5.33  36.2
5  0.02985  0.0   2.18     0  0.458  6.430  58.7  6.0622    3  222     18.7  394.12   5.21  28.7
2024-12-27 20:03:55,234 - INFO - Dataset Info:
2024-12-27 20:03:55,262 - INFO - Dataset Description:
             crim          zn       indus        chas         nox          rm         age         dis         rad         tax     ptratio           b      lstat        medv
count  426.000000  426.000000  426.000000  426.000000  426.000000  426.000000  426.000000  426.000000  426.000000  426.000000  426.000000  426.000000  426.00000  426.000000
mean     2.673140    8.103286   11.096972    0.065728    0.556245    6.258157   69.314085    3.707973    9.244131  396.673709   18.514789  361.131573   12.70223   21.684742
std      5.099785   17.568853    6.456752    0.248097    0.114845    0.564759   27.000988    1.828563    8.401206  162.244490    2.065741   83.279820    6.32365    7.287774
min      0.014390    0.000000    1.380000    0.000000    0.398000    4.652000    6.600000    1.316300    1.000000  188.000000   13.000000    7.680000    2.94000    7.200000
25%      0.088400    0.000000    5.695000    0.000000    0.460000    5.895250   47.550000    2.197550    4.000000  277.000000   17.400000  376.782500    7.61750   17.200000
50%      0.256510    0.000000    9.690000    0.000000    0.535000    6.189000   76.950000    3.275900    5.000000  311.000000   19.000000  392.015000   11.73000   20.950000
75%      2.709347    0.000000   18.100000    0.000000    0.624000    6.545750   93.800000    4.812200    8.000000  437.000000   20.200000  396.780000   16.57000   24.400000
max     37.661900   85.000000   25.650000    1.000000    0.871000    8.266000  100.000000    9.222900   24.000000  666.000000   21.200000  396.900000   30.81000   48.300000
2024-12-27 20:04:00,870 - INFO - Splitting dataset into training and testing subsets...
2024-12-27 20:04:00,873 - INFO - Dataset split completed.
2024-12-27 20:04:00,873 - INFO - Running PyCaret Linear Regression...
2024-12-27 20:04:00,874 - INFO - --- PyCaret Linear Regression ---
2024-12-27 20:04:00,874 - INFO - Setting up PyCaret...
2024-12-27 20:04:02,838 - INFO - Comparing models to find the best one...
2024-12-27 20:04:53,056 - INFO - Best Model from PyCaret (Pre-Tuning):
GradientBoostingRegressor(random_state=123)
2024-12-27 20:04:53,057 - INFO - Tuning the best model...
2024-12-27 20:05:17,482 - INFO - Tuned Model from PyCaret:
GradientBoostingRegressor(random_state=123)
2024-12-27 20:05:17,482 - INFO - Predicting on test set...
2024-12-27 20:05:17,748 - INFO - PyCaret R²: 0.8348087481573044
2024-12-27 20:05:17,749 - INFO - PyCaret RMSE: 2.355617792915046
2024-12-27 20:05:17,750 - INFO - Running FLAML Linear Regression...
2024-12-27 20:05:17,750 - INFO - --- FLAML Linear Regression ---
2024-12-27 20:05:17,751 - INFO - Initializing AutoML...
2024-12-27 20:05:17,751 - INFO - Fitting the AutoML model...
2024-12-27 20:10:17,557 - INFO - Best Model from FLAML (Pre-Tuning):
extra_tree
2024-12-27 20:10:17,557 - INFO - Best Config: {'n_estimators': 105, 'max_features': 0.6063047901569558, 'max_leaves': 169}
2024-12-27 20:10:17,557 - INFO - Best Loss: 0.12517211732503716
2024-12-27 20:10:17,557 - INFO - Predicting on test set...
2024-12-27 20:10:17,590 - INFO - FLAML R²: 0.848879106987582
2024-12-27 20:10:17,590 - INFO - FLAML RMSE: 2.2530641616877545
2024-12-27 20:10:17,590 - INFO - --- Initial Model Comparison ---
2024-12-27 20:10:17,591 - INFO - PyCaret Model: GradientBoostingRegressor(random_state=123)
2024-12-27 20:10:17,591 - INFO - PyCaret R²: 0.8348087481573044, RMSE: 2.355617792915046
2024-12-27 20:10:17,591 - INFO - FLAML Model: AutoML(append_log=False, auto_augment=True, custom_hp={},
       cv_score_agg_func=None, early_stop=False, ensemble=False,
       estimator_list='auto', eval_method='auto', fit_kwargs_by_estimator={},
       force_cancel=False, free_mem_ratio=0, hpo_method='auto',
       keep_search_state=False, learner_selector='sample', log_file_name='',
       log_training_metric=False, log_type='better', max_iter=None,
       mem_thres=4294967296, metric='auto', metric_constraints=[],
       min_sample_size=10000, mlflow_logging=True, model_history=False,
       n_concurrent_trials=1, n_jobs=-1, n_splits=5, pred_time_limit=inf,
       preserve_checkpoint=True, retrain_full=True, ...)
2024-12-27 20:10:17,592 - INFO - FLAML R²: 0.848879106987582, RMSE: 2.2530641616877545
2024-12-27 20:10:17,594 - INFO - Visualizing PyCaret Model Performance
2024-12-27 20:10:24,694 - INFO - Visualizing FLAML Model Performance
2024-12-27 20:10:26,079 - INFO - Best Model: FLAML
2024-12-27 20:10:26,079 - INFO - Visualizing Best (FLAML) Model Performance
2024-12-27 20:21:39,331 - INFO - Loading dataset...
2024-12-27 20:21:39,344 - INFO - Dataset loaded successfully.
2024-12-27 20:21:39,344 - INFO - Performing EDA before cleaning...
2024-12-27 20:21:39,344 - INFO - --- EDA Before Cleaning ---
2024-12-27 20:21:39,345 - INFO - Dataset Head:
      crim    zn  indus  chas    nox     rm   age     dis  rad  tax  ptratio       b  lstat  medv
0  0.00632  18.0   2.31     0  0.538  6.575  65.2  4.0900    1  296     15.3  396.90   4.98  24.0
1  0.02731   0.0   7.07     0  0.469  6.421  78.9  4.9671    2  242     17.8  396.90   9.14  21.6
2  0.02729   0.0   7.07     0  0.469  7.185  61.1  4.9671    2  242     17.8  392.83   4.03  34.7
3  0.03237   0.0   2.18     0  0.458  6.998  45.8  6.0622    3  222     18.7  394.63   2.94  33.4
4  0.06905   0.0   2.18     0  0.458  7.147  54.2  6.0622    3  222     18.7  396.90   5.33  36.2
2024-12-27 20:21:39,367 - INFO - Dataset Info:
2024-12-27 20:21:39,429 - INFO - Dataset Description:
             crim          zn       indus        chas         nox          rm         age         dis         rad         tax     ptratio           b       lstat        medv
count  506.000000  506.000000  506.000000  506.000000  506.000000  506.000000  506.000000  506.000000  506.000000  506.000000  506.000000  506.000000  506.000000  506.000000
mean     3.613524   11.363636   11.136779    0.069170    0.554695    6.284634   68.574901    3.795043    9.549407  408.237154   18.455534  356.674032   12.653063   22.532806
std      8.601545   23.322453    6.860353    0.253994    0.115878    0.702617   28.148861    2.105710    8.707259  168.537116    2.164946   91.294864    7.141062    9.197104
min      0.006320    0.000000    0.460000    0.000000    0.385000    3.561000    2.900000    1.129600    1.000000  187.000000   12.600000    0.320000    1.730000    5.000000
25%      0.082045    0.000000    5.190000    0.000000    0.449000    5.885500   45.025000    2.100175    4.000000  279.000000   17.400000  375.377500    6.950000   17.025000
50%      0.256510    0.000000    9.690000    0.000000    0.538000    6.208500   77.500000    3.207450    5.000000  330.000000   19.050000  391.440000   11.360000   21.200000
75%      3.677083   12.500000   18.100000    0.000000    0.624000    6.623500   94.075000    5.188425   24.000000  666.000000   20.200000  396.225000   16.955000   25.000000
max     88.976200  100.000000   27.740000    1.000000    0.871000    8.780000  100.000000   12.126500   24.000000  711.000000   22.000000  396.900000   37.970000   50.000000
2024-12-27 20:21:43,216 - INFO - Cleaning the dataset...
2024-12-27 20:21:43,216 - INFO - --- Data Cleaning ---
2024-12-27 20:21:43,216 - INFO - Initial dataset shape: (506, 14)
2024-12-27 20:21:43,220 - INFO - Shape after removing duplicates: (506, 14)
2024-12-27 20:21:43,230 - INFO - Shape after filling missing values: (506, 14)
2024-12-27 20:21:43,234 - INFO - Shape after removing outliers in crim: (494, 14)
2024-12-27 20:21:43,236 - INFO - Shape after removing outliers in zn: (489, 14)
2024-12-27 20:21:43,237 - INFO - Shape after removing outliers in indus: (479, 14)
2024-12-27 20:21:43,239 - INFO - Shape after removing outliers in chas: (479, 14)
2024-12-27 20:21:43,241 - INFO - Shape after removing outliers in nox: (475, 14)
2024-12-27 20:21:43,243 - INFO - Shape after removing outliers in rm: (465, 14)
2024-12-27 20:21:43,244 - INFO - Shape after removing outliers in age: (461, 14)
2024-12-27 20:21:43,246 - INFO - Shape after removing outliers in dis: (451, 14)
2024-12-27 20:21:43,248 - INFO - Shape after removing outliers in rad: (451, 14)
2024-12-27 20:21:43,250 - INFO - Shape after removing outliers in tax: (451, 14)
2024-12-27 20:21:43,251 - INFO - Shape after removing outliers in ptratio: (448, 14)
2024-12-27 20:21:43,252 - INFO - Shape after removing outliers in b: (443, 14)
2024-12-27 20:21:43,254 - INFO - Shape after removing outliers in lstat: (434, 14)
2024-12-27 20:21:43,256 - INFO - Shape after removing outliers in medv: (426, 14)
2024-12-27 20:21:43,256 - INFO - Dataset shape after cleaning: (426, 14)
2024-12-27 20:21:43,256 - INFO - Performing EDA after cleaning...
2024-12-27 20:21:43,256 - INFO - --- EDA After Cleaning ---
2024-12-27 20:21:43,256 - INFO - Dataset Head:
      crim   zn  indus  chas    nox     rm   age     dis  rad  tax  ptratio       b  lstat  medv
1  0.02731  0.0   7.07     0  0.469  6.421  78.9  4.9671    2  242     17.8  396.90   9.14  21.6
2  0.02729  0.0   7.07     0  0.469  7.185  61.1  4.9671    2  242     17.8  392.83   4.03  34.7
3  0.03237  0.0   2.18     0  0.458  6.998  45.8  6.0622    3  222     18.7  394.63   2.94  33.4
4  0.06905  0.0   2.18     0  0.458  7.147  54.2  6.0622    3  222     18.7  396.90   5.33  36.2
5  0.02985  0.0   2.18     0  0.458  6.430  58.7  6.0622    3  222     18.7  394.12   5.21  28.7
2024-12-27 20:21:43,279 - INFO - Dataset Info:
2024-12-27 20:21:43,324 - INFO - Dataset Description:
             crim          zn       indus        chas         nox          rm         age         dis         rad         tax     ptratio           b      lstat        medv
count  426.000000  426.000000  426.000000  426.000000  426.000000  426.000000  426.000000  426.000000  426.000000  426.000000  426.000000  426.000000  426.00000  426.000000
mean     2.673140    8.103286   11.096972    0.065728    0.556245    6.258157   69.314085    3.707973    9.244131  396.673709   18.514789  361.131573   12.70223   21.684742
std      5.099785   17.568853    6.456752    0.248097    0.114845    0.564759   27.000988    1.828563    8.401206  162.244490    2.065741   83.279820    6.32365    7.287774
min      0.014390    0.000000    1.380000    0.000000    0.398000    4.652000    6.600000    1.316300    1.000000  188.000000   13.000000    7.680000    2.94000    7.200000
25%      0.088400    0.000000    5.695000    0.000000    0.460000    5.895250   47.550000    2.197550    4.000000  277.000000   17.400000  376.782500    7.61750   17.200000
50%      0.256510    0.000000    9.690000    0.000000    0.535000    6.189000   76.950000    3.275900    5.000000  311.000000   19.000000  392.015000   11.73000   20.950000
75%      2.709347    0.000000   18.100000    0.000000    0.624000    6.545750   93.800000    4.812200    8.000000  437.000000   20.200000  396.780000   16.57000   24.400000
max     37.661900   85.000000   25.650000    1.000000    0.871000    8.266000  100.000000    9.222900   24.000000  666.000000   21.200000  396.900000   30.81000   48.300000
2024-12-27 20:21:45,941 - INFO - Splitting dataset into training and testing subsets...
2024-12-27 20:21:45,942 - INFO - Dataset split completed.
2024-12-27 20:21:45,942 - INFO - Running PyCaret Linear Regression...
2024-12-27 20:21:45,943 - INFO - --- PyCaret Linear Regression ---
2024-12-27 20:21:45,943 - INFO - Setting up PyCaret...
2024-12-27 20:21:48,008 - INFO - Comparing models to find the best one...
2024-12-27 20:22:39,333 - INFO - Best Model from PyCaret (Pre-Tuning):
GradientBoostingRegressor(random_state=123)
2024-12-27 20:22:39,333 - INFO - Tuning the best model...
2024-12-27 20:23:03,417 - INFO - Tuned Model from PyCaret:
GradientBoostingRegressor(random_state=123)
2024-12-27 20:23:03,417 - INFO - Predicting on test set...
2024-12-27 20:23:03,684 - INFO - PyCaret R²: 0.8348087481573044
2024-12-27 20:23:03,684 - INFO - PyCaret RMSE: 2.355617792915046
2024-12-27 20:23:03,684 - INFO - Running FLAML Linear Regression...
2024-12-27 20:23:03,684 - INFO - --- FLAML Linear Regression ---
2024-12-27 20:23:03,686 - INFO - Initializing AutoML...
2024-12-27 20:23:03,686 - INFO - Fitting the AutoML model...
2024-12-27 20:28:03,907 - INFO - Best Model from FLAML (Pre-Tuning):
extra_tree
2024-12-27 20:28:03,907 - INFO - Best Config: {'n_estimators': 105, 'max_features': 0.5680856704925054, 'max_leaves': 169}
2024-12-27 20:28:03,907 - INFO - Best Loss: 0.1251721173250372
2024-12-27 20:28:03,907 - INFO - Predicting on test set...
2024-12-27 20:28:03,940 - INFO - FLAML R²: 0.8488791069875821
2024-12-27 20:28:03,940 - INFO - FLAML RMSE: 2.253064161687754
2024-12-27 20:28:03,940 - INFO - --- Initial Model Comparison ---
2024-12-27 20:28:03,940 - INFO - PyCaret Model: GradientBoostingRegressor(random_state=123)
2024-12-27 20:28:03,941 - INFO - PyCaret R²: 0.8348087481573044, RMSE: 2.355617792915046
2024-12-27 20:28:03,941 - INFO - FLAML Model: AutoML(append_log=False, auto_augment=True, custom_hp={},
       cv_score_agg_func=None, early_stop=False, ensemble=False,
       estimator_list='auto', eval_method='auto', fit_kwargs_by_estimator={},
       force_cancel=False, free_mem_ratio=0, hpo_method='auto',
       keep_search_state=False, learner_selector='sample', log_file_name='',
       log_training_metric=False, log_type='better', max_iter=None,
       mem_thres=4294967296, metric='auto', metric_constraints=[],
       min_sample_size=10000, mlflow_logging=True, model_history=False,
       n_concurrent_trials=1, n_jobs=-1, n_splits=5, pred_time_limit=inf,
       preserve_checkpoint=True, retrain_full=True, ...)
2024-12-27 20:28:03,942 - INFO - FLAML R²: 0.8488791069875821, RMSE: 2.253064161687754
2024-12-27 20:28:03,944 - INFO - Visualizing PyCaret Model Performance
2024-12-27 20:28:04,767 - INFO - Visualizing FLAML Model Performance
2024-12-27 20:28:05,085 - INFO - Best Model: FLAML
2024-12-27 20:28:05,085 - INFO - Visualizing Best (FLAML) Model Performance
2024-12-27 21:03:31,509 - INFO - Loading dataset...
2024-12-27 21:03:31,518 - INFO - Dataset loaded successfully.
2024-12-27 21:03:31,520 - INFO - Performing EDA before cleaning...
2024-12-27 21:03:31,520 - INFO - --- EDA Before Cleaning ---
2024-12-27 21:03:31,520 - INFO - Dataset Head:
      crim    zn  indus  chas    nox     rm   age     dis  rad  tax  ptratio       b  lstat  medv
0  0.00632  18.0   2.31     0  0.538  6.575  65.2  4.0900    1  296     15.3  396.90   4.98  24.0
1  0.02731   0.0   7.07     0  0.469  6.421  78.9  4.9671    2  242     17.8  396.90   9.14  21.6
2  0.02729   0.0   7.07     0  0.469  7.185  61.1  4.9671    2  242     17.8  392.83   4.03  34.7
3  0.03237   0.0   2.18     0  0.458  6.998  45.8  6.0622    3  222     18.7  394.63   2.94  33.4
4  0.06905   0.0   2.18     0  0.458  7.147  54.2  6.0622    3  222     18.7  396.90   5.33  36.2
2024-12-27 21:03:31,541 - INFO - Dataset Info:
2024-12-27 21:03:31,572 - INFO - Dataset Description:
             crim          zn       indus        chas         nox          rm         age         dis         rad         tax     ptratio           b       lstat        medv
count  506.000000  506.000000  506.000000  506.000000  506.000000  506.000000  506.000000  506.000000  506.000000  506.000000  506.000000  506.000000  506.000000  506.000000
mean     3.613524   11.363636   11.136779    0.069170    0.554695    6.284634   68.574901    3.795043    9.549407  408.237154   18.455534  356.674032   12.653063   22.532806
std      8.601545   23.322453    6.860353    0.253994    0.115878    0.702617   28.148861    2.105710    8.707259  168.537116    2.164946   91.294864    7.141062    9.197104
min      0.006320    0.000000    0.460000    0.000000    0.385000    3.561000    2.900000    1.129600    1.000000  187.000000   12.600000    0.320000    1.730000    5.000000
25%      0.082045    0.000000    5.190000    0.000000    0.449000    5.885500   45.025000    2.100175    4.000000  279.000000   17.400000  375.377500    6.950000   17.025000
50%      0.256510    0.000000    9.690000    0.000000    0.538000    6.208500   77.500000    3.207450    5.000000  330.000000   19.050000  391.440000   11.360000   21.200000
75%      3.677083   12.500000   18.100000    0.000000    0.624000    6.623500   94.075000    5.188425   24.000000  666.000000   20.200000  396.225000   16.955000   25.000000
max     88.976200  100.000000   27.740000    1.000000    0.871000    8.780000  100.000000   12.126500   24.000000  711.000000   22.000000  396.900000   37.970000   50.000000
2024-12-27 21:03:35,204 - INFO - Cleaning the dataset...
2024-12-27 21:03:35,205 - INFO - --- Data Cleaning ---
2024-12-27 21:03:35,205 - INFO - Initial dataset shape: (506, 14)
2024-12-27 21:03:35,210 - INFO - Shape after removing duplicates: (506, 14)
2024-12-27 21:03:35,218 - INFO - Shape after filling missing values: (506, 14)
2024-12-27 21:03:35,222 - INFO - Shape after removing outliers in crim: (494, 14)
2024-12-27 21:03:35,224 - INFO - Shape after removing outliers in zn: (489, 14)
2024-12-27 21:03:35,225 - INFO - Shape after removing outliers in indus: (479, 14)
2024-12-27 21:03:35,227 - INFO - Shape after removing outliers in chas: (479, 14)
2024-12-27 21:03:35,228 - INFO - Shape after removing outliers in nox: (475, 14)
2024-12-27 21:03:35,230 - INFO - Shape after removing outliers in rm: (465, 14)
2024-12-27 21:03:35,231 - INFO - Shape after removing outliers in age: (461, 14)
2024-12-27 21:03:35,233 - INFO - Shape after removing outliers in dis: (451, 14)
2024-12-27 21:03:35,234 - INFO - Shape after removing outliers in rad: (451, 14)
2024-12-27 21:03:35,237 - INFO - Shape after removing outliers in tax: (451, 14)
2024-12-27 21:03:35,238 - INFO - Shape after removing outliers in ptratio: (448, 14)
2024-12-27 21:03:35,240 - INFO - Shape after removing outliers in b: (443, 14)
2024-12-27 21:03:35,241 - INFO - Shape after removing outliers in lstat: (434, 14)
2024-12-27 21:03:35,243 - INFO - Shape after removing outliers in medv: (426, 14)
2024-12-27 21:03:35,243 - INFO - Dataset shape after cleaning: (426, 14)
2024-12-27 21:03:35,243 - INFO - Performing EDA after cleaning...
2024-12-27 21:03:35,243 - INFO - --- EDA After Cleaning ---
2024-12-27 21:03:35,243 - INFO - Dataset Head:
      crim   zn  indus  chas    nox     rm   age     dis  rad  tax  ptratio       b  lstat  medv
1  0.02731  0.0   7.07     0  0.469  6.421  78.9  4.9671    2  242     17.8  396.90   9.14  21.6
2  0.02729  0.0   7.07     0  0.469  7.185  61.1  4.9671    2  242     17.8  392.83   4.03  34.7
3  0.03237  0.0   2.18     0  0.458  6.998  45.8  6.0622    3  222     18.7  394.63   2.94  33.4
4  0.06905  0.0   2.18     0  0.458  7.147  54.2  6.0622    3  222     18.7  396.90   5.33  36.2
5  0.02985  0.0   2.18     0  0.458  6.430  58.7  6.0622    3  222     18.7  394.12   5.21  28.7
2024-12-27 21:03:35,262 - INFO - Dataset Info:
2024-12-27 21:03:35,291 - INFO - Dataset Description:
             crim          zn       indus        chas         nox          rm         age         dis         rad         tax     ptratio           b      lstat        medv
count  426.000000  426.000000  426.000000  426.000000  426.000000  426.000000  426.000000  426.000000  426.000000  426.000000  426.000000  426.000000  426.00000  426.000000
mean     2.673140    8.103286   11.096972    0.065728    0.556245    6.258157   69.314085    3.707973    9.244131  396.673709   18.514789  361.131573   12.70223   21.684742
std      5.099785   17.568853    6.456752    0.248097    0.114845    0.564759   27.000988    1.828563    8.401206  162.244490    2.065741   83.279820    6.32365    7.287774
min      0.014390    0.000000    1.380000    0.000000    0.398000    4.652000    6.600000    1.316300    1.000000  188.000000   13.000000    7.680000    2.94000    7.200000
25%      0.088400    0.000000    5.695000    0.000000    0.460000    5.895250   47.550000    2.197550    4.000000  277.000000   17.400000  376.782500    7.61750   17.200000
50%      0.256510    0.000000    9.690000    0.000000    0.535000    6.189000   76.950000    3.275900    5.000000  311.000000   19.000000  392.015000   11.73000   20.950000
75%      2.709347    0.000000   18.100000    0.000000    0.624000    6.545750   93.800000    4.812200    8.000000  437.000000   20.200000  396.780000   16.57000   24.400000
max     37.661900   85.000000   25.650000    1.000000    0.871000    8.266000  100.000000    9.222900   24.000000  666.000000   21.200000  396.900000   30.81000   48.300000
2024-12-27 21:03:38,321 - INFO - Splitting dataset into training and testing subsets...
2024-12-27 21:03:38,323 - INFO - Dataset split completed.
2024-12-27 21:03:38,323 - INFO - Running PyCaret Linear Regression...
2024-12-27 21:03:38,323 - INFO - --- PyCaret Linear Regression ---
2024-12-27 21:03:38,323 - INFO - Setting up PyCaret...
2024-12-27 21:03:42,980 - INFO - Comparing models to find the best one...
2024-12-27 21:04:50,985 - INFO - Best Model from PyCaret (Pre-Tuning):
GradientBoostingRegressor(random_state=123)
2024-12-27 21:04:50,987 - INFO - Tuning the best model...
2024-12-27 21:05:18,355 - INFO - Tuned Model from PyCaret:
GradientBoostingRegressor(random_state=123)
2024-12-27 21:05:18,355 - INFO - Predicting on test set...
2024-12-27 21:05:18,759 - INFO - PyCaret R²: 0.8348087481573044
2024-12-27 21:05:18,760 - INFO - PyCaret RMSE: 2.355617792915046
2024-12-27 21:05:18,760 - INFO - Running FLAML Linear Regression...
2024-12-27 21:05:18,760 - INFO - --- FLAML Linear Regression ---
2024-12-27 21:05:18,763 - INFO - Initializing AutoML...
2024-12-27 21:05:18,763 - INFO - Fitting the AutoML model...
2024-12-27 21:10:19,082 - INFO - Best Model from FLAML (Pre-Tuning):
extra_tree
2024-12-27 21:10:19,082 - INFO - Best Config: {'n_estimators': 231, 'max_features': 0.6063989363637085, 'max_leaves': 169}
2024-12-27 21:10:19,083 - INFO - Best Loss: 0.1261540835264
2024-12-27 21:10:19,083 - INFO - Predicting on test set...
2024-12-27 21:10:19,123 - INFO - FLAML R²: 0.8480035315291982
2024-12-27 21:10:19,123 - INFO - FLAML RMSE: 2.259581720116514
2024-12-27 21:10:19,124 - INFO - --- Initial Model Comparison ---
2024-12-27 21:10:19,124 - INFO - PyCaret Model: GradientBoostingRegressor(random_state=123)
2024-12-27 21:10:19,124 - INFO - PyCaret R²: 0.8348087481573044, RMSE: 2.355617792915046
2024-12-27 21:10:19,124 - INFO - FLAML Model: AutoML(append_log=False, auto_augment=True, custom_hp={},
       cv_score_agg_func=None, early_stop=False, ensemble=False,
       estimator_list='auto', eval_method='auto', fit_kwargs_by_estimator={},
       force_cancel=False, free_mem_ratio=0, hpo_method='auto',
       keep_search_state=False, learner_selector='sample', log_file_name='',
       log_training_metric=False, log_type='better', max_iter=None,
       mem_thres=4294967296, metric='auto', metric_constraints=[],
       min_sample_size=10000, mlflow_logging=True, model_history=False,
       n_concurrent_trials=1, n_jobs=-1, n_splits=5, pred_time_limit=inf,
       preserve_checkpoint=True, retrain_full=True, ...)
2024-12-27 21:10:19,125 - INFO - FLAML R²: 0.8480035315291982, RMSE: 2.259581720116514
2024-12-27 21:10:19,128 - INFO - Visualizing PyCaret Model Performance
2024-12-27 21:10:20,139 - INFO - Visualizing FLAML Model Performance
2024-12-27 21:10:20,556 - INFO - Best Model: FLAML
2024-12-27 21:10:20,556 - INFO - Visualizing Best (FLAML) Model Performance
2024-12-27 22:21:34,614 - INFO - Loading dataset...
2024-12-27 22:21:34,636 - INFO - Dataset loaded successfully.
2024-12-27 22:21:34,636 - INFO - Performing EDA before cleaning...
2024-12-27 22:21:34,636 - INFO - --- EDA Before Cleaning ---
2024-12-27 22:21:34,637 - INFO - Dataset Head:
   longitude  latitude  housing_median_age  total_rooms  total_bedrooms  population  households  median_income  median_house_value
0    -114.31     34.19                  15         5612            1283        1015         472         1.4936               66900
1    -114.47     34.40                  19         7650            1901        1129         463         1.8200               80100
2    -114.56     33.69                  17          720             174         333         117         1.6509               85700
3    -114.57     33.64                  14         1501             337         515         226         3.1917               73400
4    -114.57     33.57                  20         1454             326         624         262         1.9250               65500
2024-12-27 22:21:34,650 - INFO - Dataset Info:
2024-12-27 22:21:34,680 - INFO - Dataset Description:
          longitude      latitude  housing_median_age   total_rooms  total_bedrooms    population    households  median_income  median_house_value
count  17000.000000  17000.000000        17000.000000  17000.000000    17000.000000  17000.000000  17000.000000   17000.000000        17000.000000
mean    -119.562108     35.625225           28.589353   2643.664412      539.410824   1429.573941    501.221941       3.883578       207300.912353
std        2.005166      2.137340           12.586937   2179.947071      421.499452   1147.852959    384.520841       1.908157       115983.764387
min     -124.350000     32.540000            1.000000      2.000000        1.000000      3.000000      1.000000       0.499900        14999.000000
25%     -121.790000     33.930000           18.000000   1462.000000      297.000000    790.000000    282.000000       2.566375       119400.000000
50%     -118.490000     34.250000           29.000000   2127.000000      434.000000   1167.000000    409.000000       3.544600       180400.000000
75%     -118.000000     37.720000           37.000000   3151.250000      648.250000   1721.000000    605.250000       4.767000       265000.000000
max     -114.310000     41.950000           52.000000  37937.000000     6445.000000  35682.000000   6082.000000      15.000100       500001.000000
2024-12-27 22:21:37,887 - INFO - Cleaning the dataset...
2024-12-27 22:21:37,887 - INFO - --- Data Cleaning ---
2024-12-27 22:21:37,887 - INFO - Initial dataset shape: (17000, 9)
2024-12-27 22:21:37,894 - INFO - Shape after removing duplicates: (17000, 9)
2024-12-27 22:21:37,903 - INFO - Shape after filling missing values: (17000, 9)
2024-12-27 22:21:37,907 - INFO - Shape after removing outliers in longitude: (16661, 9)
2024-12-27 22:21:37,909 - INFO - Shape after removing outliers in latitude: (16340, 9)
2024-12-27 22:21:37,911 - INFO - Shape after removing outliers in housing_median_age: (16246, 9)
2024-12-27 22:21:37,914 - INFO - Shape after removing outliers in total_rooms: (15920, 9)
2024-12-27 22:21:37,917 - INFO - Shape after removing outliers in total_bedrooms: (15603, 9)
2024-12-27 22:21:37,919 - INFO - Shape after removing outliers in population: (15290, 9)
2024-12-27 22:21:37,922 - INFO - Shape after removing outliers in households: (14985, 9)
2024-12-27 22:21:37,924 - INFO - Shape after removing outliers in median_income: (14685, 9)
2024-12-27 22:21:37,926 - INFO - Shape after removing outliers in median_house_value: (14539, 9)
2024-12-27 22:21:37,926 - INFO - Dataset shape after cleaning: (14539, 9)
2024-12-27 22:21:37,926 - INFO - Performing EDA after cleaning...
2024-12-27 22:21:37,926 - INFO - --- EDA After Cleaning ---
2024-12-27 22:21:37,926 - INFO - Dataset Head:
     longitude  latitude  housing_median_age  total_rooms  total_bedrooms  population  households  median_income  median_house_value
169    -116.25     33.81                  24          880             187         507         169         3.4583               67500
171    -116.25     33.69                   5         1664             444         907         374         2.7667               92900
173    -116.26     33.07                  17          934             284         452         184         1.9875               83700
176    -116.29     33.72                   5         3584             760        1097         470         3.1771              167400
177    -116.30     33.68                  10         2387             481         863         304         2.8882              137500
2024-12-27 22:21:37,940 - INFO - Dataset Info:
2024-12-27 22:21:37,964 - INFO - Dataset Description:
          longitude      latitude  housing_median_age   total_rooms  total_bedrooms    population    households  median_income  median_house_value
count  14539.000000  14539.000000        14539.000000  14539.000000    14539.000000  14539.000000  14539.000000   14539.000000        14539.000000
mean    -119.554661     35.551164           29.330422   2452.257514      499.959144   1332.311920    468.003095       3.894105       211907.270032
std        1.923952      2.019206           12.318437   1335.977213      262.702373    703.183219    239.230273       1.661233       112213.091426
min     -123.230000     32.680000            4.000000    210.000000       87.000000    236.000000    105.000000       1.164500        52100.000000
25%     -121.750000     33.940000           19.000000   1525.500000      309.000000    824.000000    295.000000       2.663500       128100.000000
50%     -118.460000     34.230000           30.000000   2149.000000      437.000000   1175.000000    413.000000       3.608300       185700.000000
75%     -118.030000     37.680000           37.000000   3068.000000      630.000000   1675.000000    589.000000       4.793150       267900.000000
max     -116.250000     40.290000           52.000000  10098.000000     1719.000000   4276.000000   1338.000000      10.553600       500001.000000
2024-12-27 22:21:40,505 - INFO - Splitting dataset into training and testing subsets...
2024-12-27 22:21:40,508 - INFO - Dataset split completed.
2024-12-27 22:21:40,508 - INFO - Running PyCaret Linear Regression...
2024-12-27 22:21:40,508 - INFO - --- PyCaret Linear Regression ---
2024-12-27 22:21:40,508 - INFO - Setting up PyCaret...
2024-12-27 22:21:44,823 - INFO - Comparing models to find the best one...
2024-12-27 22:23:22,790 - INFO - Best Model from PyCaret (Pre-Tuning):
<catboost.core.CatBoostRegressor object at 0x00000270813B59F0>
2024-12-27 22:23:22,791 - INFO - Tuning the best model...
2024-12-27 22:24:07,151 - INFO - Tuned Model from PyCaret:
<catboost.core.CatBoostRegressor object at 0x0000027081DF9120>
2024-12-27 22:24:07,151 - INFO - Predicting on test set...
2024-12-27 22:24:07,432 - INFO - PyCaret R²: 0.8324992206324268
2024-12-27 22:24:07,434 - INFO - PyCaret RMSE: 45463.51479422048
2024-12-27 22:24:07,435 - INFO - Running FLAML Linear Regression...
2024-12-27 22:24:07,435 - INFO - --- FLAML Linear Regression ---
2024-12-27 22:24:07,438 - INFO - Initializing AutoML...
2024-12-27 22:24:07,438 - INFO - Fitting the AutoML model...
2024-12-27 22:29:17,082 - INFO - Best Model from FLAML (Pre-Tuning):
catboost
2024-12-27 22:29:17,082 - INFO - Best Config: {'early_stopping_rounds': 13, 'learning_rate': 0.04171721859304757, 'n_estimators': 774}
2024-12-27 22:29:17,082 - INFO - Best Loss: 0.16705603517305878
2024-12-27 22:29:17,083 - INFO - Predicting on test set...
2024-12-27 22:29:17,095 - INFO - FLAML R²: 0.8279811280897951
2024-12-27 22:29:17,095 - INFO - FLAML RMSE: 46072.59133469271
2024-12-27 22:29:17,096 - INFO - --- Initial Model Comparison ---
2024-12-27 22:29:17,096 - INFO - PyCaret Model: <catboost.core.CatBoostRegressor object at 0x0000027081DF9120>
2024-12-27 22:29:17,096 - INFO - PyCaret R²: 0.8324992206324268, RMSE: 45463.51479422048
2024-12-27 22:29:17,096 - INFO - FLAML Model: AutoML(append_log=False, auto_augment=True, custom_hp={},
       cv_score_agg_func=None, early_stop=False, ensemble=False,
       estimator_list='auto', eval_method='auto', fit_kwargs_by_estimator={},
       force_cancel=False, free_mem_ratio=0, hpo_method='auto',
       keep_search_state=False, learner_selector='sample', log_file_name='',
       log_training_metric=False, log_type='better', max_iter=None,
       mem_thres=4294967296, metric='auto', metric_constraints=[],
       min_sample_size=10000, mlflow_logging=True, model_history=False,
       n_concurrent_trials=1, n_jobs=-1, n_splits=5, pred_time_limit=inf,
       preserve_checkpoint=True, retrain_full=True, ...)
2024-12-27 22:29:17,098 - INFO - FLAML R²: 0.8279811280897951, RMSE: 46072.59133469271
2024-12-27 22:29:17,099 - INFO - Visualizing PyCaret Model Performance
2024-12-27 22:29:18,148 - INFO - Visualizing FLAML Model Performance
2024-12-27 22:29:18,617 - INFO - Best Model: PyCaret
2024-12-27 22:29:18,618 - INFO - Visualizing Best (PyCaret) Model Performance
