2025-01-10 15:31:23,564 - main - INFO - Starting the machine learning pipeline...
2025-01-10 15:32:50,324 - main - ERROR - An error occurred: API request to http://localhost:5000/api/2.0/mlflow/experiments/get-by-name failed with exception HTTPConnectionPool(host='localhost', port=5000): Max retries exceeded with url: /api/2.0/mlflow/experiments/get-by-name?experiment_name=ML_Pipeline_Experiments (Caused by NewConnectionError('<urllib3.connection.HTTPConnection object at 0x000001A1E4EC3670>: Failed to establish a new connection: [WinError 10061] No connection could be made because the target machine actively refused it'))
2025-01-10 15:49:38,797 - main - INFO - Starting the machine learning pipeline...
2025-01-10 15:51:01,039 - main - ERROR - An error occurred: API request to http://localhost:5000/api/2.0/mlflow/experiments/get-by-name failed with exception HTTPConnectionPool(host='localhost', port=5000): Max retries exceeded with url: /api/2.0/mlflow/experiments/get-by-name?experiment_name=ML_Pipeline_Experiments (Caused by NewConnectionError('<urllib3.connection.HTTPConnection object at 0x000002AF4E2A2400>: Failed to establish a new connection: [WinError 10061] No connection could be made because the target machine actively refused it'))
2025-01-10 16:38:18,735 - main - INFO - Starting the machine learning pipeline...
2025-01-10 16:39:46,203 - main - ERROR - An error occurred: API request to http://localhost:5000/api/2.0/mlflow/experiments/get-by-name failed with exception HTTPConnectionPool(host='localhost', port=5000): Max retries exceeded with url: /api/2.0/mlflow/experiments/get-by-name?experiment_name=ML_Pipeline_Experiments (Caused by NewConnectionError('<urllib3.connection.HTTPConnection object at 0x000002452DAA14C0>: Failed to establish a new connection: [WinError 10061] No connection could be made because the target machine actively refused it'))
2025-01-10 17:20:08,233 - main - INFO - Starting the machine learning pipeline...
2025-01-10 17:21:23,080 - main - ERROR - An error occurred: API request to http://localhost:5000/api/2.0/mlflow/experiments/get-by-name failed with exception HTTPConnectionPool(host='localhost', port=5000): Max retries exceeded with url: /api/2.0/mlflow/experiments/get-by-name?experiment_name=ML_Pipeline_Experiments (Caused by NewConnectionError('<urllib3.connection.HTTPConnection object at 0x0000022E69131520>: Failed to establish a new connection: [WinError 10061] No connection could be made because the target machine actively refused it'))
2025-01-10 17:38:26,648 - main - INFO - Starting the machine learning pipeline...
2025-01-10 17:39:52,910 - main - ERROR - An error occurred: API request to http://localhost:5000/api/2.0/mlflow/experiments/get-by-name failed with exception HTTPConnectionPool(host='localhost', port=5000): Max retries exceeded with url: /api/2.0/mlflow/experiments/get-by-name?experiment_name=ML_Pipeline_Experiments (Caused by NewConnectionError('<urllib3.connection.HTTPConnection object at 0x000001925E1D8B20>: Failed to establish a new connection: [WinError 10061] No connection could be made because the target machine actively refused it'))
2025-01-10 17:47:10,069 - main - INFO - Starting the machine learning pipeline...
2025-01-10 17:47:10,081 - main - ERROR - An error occurred: UserErrorException:
	Message: The workspace configuration file config.json, could not be found in C:\Users\yashu\Desktop\SAVYMINDS\MLOps\YS_MVP\ML_Scripts\Linear_Regression\linear_regression_project\src or its parent directories. Please check whether the workspace configuration file exists, or provide the full path to the configuration file as an argument. You can download a configuration file for your workspace, via http://ml.azure.com and clicking on the name of your workspace in the right top.
	InnerException None
	ErrorResponse 
{
    "error": {
        "code": "UserError",
        "message": "The workspace configuration file config.json, could not be found in C:\\Users\\yashu\\Desktop\\SAVYMINDS\\MLOps\\YS_MVP\\ML_Scripts\\Linear_Regression\\linear_regression_project\\src or its parent directories. Please check whether the workspace configuration file exists, or provide the full path to the configuration file as an argument. You can download a configuration file for your workspace, via http://ml.azure.com and clicking on the name of your workspace in the right top."
    }
}
2025-01-10 17:56:36,464 - main - INFO - Starting the machine learning pipeline...
2025-01-10 17:56:36,476 - main - ERROR - An error occurred: UserErrorException:
	Message: The workspace configuration file config.json, could not be found in C:\Users\yashu\Desktop\SAVYMINDS\MLOps\YS_MVP\ML_Scripts\Linear_Regression\linear_regression_project or its parent directories. Please check whether the workspace configuration file exists, or provide the full path to the configuration file as an argument. You can download a configuration file for your workspace, via http://ml.azure.com and clicking on the name of your workspace in the right top.
	InnerException None
	ErrorResponse 
{
    "error": {
        "code": "UserError",
        "message": "The workspace configuration file config.json, could not be found in C:\\Users\\yashu\\Desktop\\SAVYMINDS\\MLOps\\YS_MVP\\ML_Scripts\\Linear_Regression\\linear_regression_project or its parent directories. Please check whether the workspace configuration file exists, or provide the full path to the configuration file as an argument. You can download a configuration file for your workspace, via http://ml.azure.com and clicking on the name of your workspace in the right top."
    }
}
2025-01-10 18:16:14,695 - main - INFO - Starting the machine learning pipeline...
2025-01-10 18:16:23,882 - main - ERROR - An error occurred: 'azureml'
