2024-12-29 09:54:42,190 - INFO - Starting execution...
2024-12-29 09:54:42,204 - INFO - Dataset loaded successfully.
2024-12-29 09:54:42,207 - INFO - Performing EDA before cleaning...
2024-12-29 09:54:42,207 - INFO - --- EDA Before Cleaning ---
2024-12-29 09:54:42,207 - INFO - Dataset Head:
        id  cl.thickness  cell.size  cell.shape  marg.adhesion  ...  bare.nuclei  bl.cromatin  normal.nucleoli  mitoses  class
0  1000025             5          1           1              1  ...          1.0            3                1        1      0
1  1002945             5          4           4              5  ...         10.0            3                2        1      0
2  1015425             3          1           1              1  ...          2.0            3                1        1      0
3  1016277             6          8           8              1  ...          4.0            3                7        1      0
4  1017023             4          1           1              3  ...          1.0            3                1        1      0

[5 rows x 11 columns]
2024-12-29 09:54:42,224 - INFO - Dataset Info:
2024-12-29 09:54:42,251 - INFO - Dataset Description:
                 id  cl.thickness   cell.size  cell.shape  ...  bl.cromatin  normal.nucleoli     mitoses       class
count  6.990000e+02    699.000000  699.000000  699.000000  ...   699.000000       699.000000  699.000000  699.000000
mean   1.071704e+06      4.417740    3.134478    3.207439  ...     3.437768         2.866953    1.589413    0.344778
std    6.170957e+05      2.815741    3.051459    2.971913  ...     2.438364         3.053634    1.715078    0.475636
min    6.163400e+04      1.000000    1.000000    1.000000  ...     1.000000         1.000000    1.000000    0.000000
25%    8.706885e+05      2.000000    1.000000    1.000000  ...     2.000000         1.000000    1.000000    0.000000
50%    1.171710e+06      4.000000    1.000000    1.000000  ...     3.000000         1.000000    1.000000    0.000000
75%    1.238298e+06      6.000000    5.000000    5.000000  ...     5.000000         4.000000    1.000000    1.000000
max    1.345435e+07     10.000000   10.000000   10.000000  ...    10.000000        10.000000   10.000000    1.000000

[8 rows x 11 columns]
2024-12-29 09:55:14,844 - INFO - Cleaning the dataset...
2024-12-29 09:55:14,844 - INFO - --- Data Cleaning ---
2024-12-29 09:55:14,845 - INFO - Initial dataset shape: (699, 11)
2024-12-29 09:55:14,846 - INFO - Shape after removing duplicates: (691, 11)
2024-12-29 09:55:14,855 - INFO - Shape after filling missing values: (691, 11)
2024-12-29 09:55:14,856 - INFO - Shape after removing outliers in id: (677, 11)
2024-12-29 09:55:14,858 - INFO - Shape after removing outliers in cl.thickness: (677, 11)
2024-12-29 09:55:14,860 - INFO - Shape after removing outliers in cell.size: (677, 11)
2024-12-29 09:55:14,862 - INFO - Shape after removing outliers in cell.shape: (677, 11)
2024-12-29 09:55:14,863 - INFO - Shape after removing outliers in marg.adhesion: (677, 11)
2024-12-29 09:55:14,865 - INFO - Shape after removing outliers in epith.c.size: (677, 11)
2024-12-29 09:55:14,866 - INFO - Shape after removing outliers in bare.nuclei: (677, 11)
2024-12-29 09:55:14,868 - INFO - Shape after removing outliers in bl.cromatin: (677, 11)
2024-12-29 09:55:14,870 - INFO - Shape after removing outliers in normal.nucleoli: (677, 11)
2024-12-29 09:55:14,871 - INFO - Shape after removing outliers in mitoses: (677, 11)
2024-12-29 09:55:14,873 - INFO - Shape after removing outliers in class: (677, 11)
2024-12-29 09:55:14,873 - INFO - Dataset shape after cleaning: (677, 11)
2024-12-29 09:55:14,874 - INFO - Performing EDA after cleaning...
2024-12-29 09:55:14,874 - INFO - --- EDA After Cleaning ---
2024-12-29 09:55:14,874 - INFO - Dataset Head:
        id  cl.thickness  cell.size  cell.shape  marg.adhesion  ...  bare.nuclei  bl.cromatin  normal.nucleoli  mitoses  class
0  1000025             5          1           1              1  ...          1.0            3                1        1      0
1  1002945             5          4           4              5  ...         10.0            3                2        1      0
2  1015425             3          1           1              1  ...          2.0            3                1        1      0
3  1016277             6          8           8              1  ...          4.0            3                7        1      0
4  1017023             4          1           1              3  ...          1.0            3                1        1      0

[5 rows x 11 columns]
2024-12-29 09:55:14,888 - INFO - Dataset Info:
2024-12-29 09:55:14,910 - INFO - Dataset Description:
                 id  cl.thickness   cell.size  cell.shape  ...  bl.cromatin  normal.nucleoli     mitoses       class
count  6.770000e+02    677.000000  677.000000  677.000000  ...   677.000000       677.000000  677.000000  677.000000
mean   1.052323e+06      4.409158    3.104874    3.163959  ...     3.407681         2.850812    1.581979    0.341211
std    2.792626e+05      2.806286    3.016609    2.922267  ...     2.424444         3.043067    1.713461    0.474467
min    1.454470e+05      1.000000    1.000000    1.000000  ...     1.000000         1.000000    1.000000    0.000000
25%    8.783580e+05      2.000000    1.000000    1.000000  ...     2.000000         1.000000    1.000000    0.000000
50%    1.171710e+06      4.000000    1.000000    1.000000  ...     3.000000         1.000000    1.000000    0.000000
75%    1.237674e+06      6.000000    5.000000    5.000000  ...     4.000000         4.000000    1.000000    1.000000
max    1.368267e+06     10.000000   10.000000   10.000000  ...    10.000000        10.000000   10.000000    1.000000

[8 rows x 11 columns]
